Modules list:
-------------
shallow_thought.o:
    CODE              Offs=000000  Size=000069  Align=00001  Fill=0000
screen.o:
    CODE              Offs=000069  Size=000072  Align=00001  Fill=0000
keyboard.o:
    CODE              Offs=0000DB  Size=00003A  Align=00001  Fill=0000
xmodem.o:
    CODE              Offs=000115  Size=000045  Align=00001  Fill=0000
strings.o:
    CODE              Offs=00015A  Size=000028  Align=00001  Fill=0000


Segment list:
-------------
Name                   Start     End    Size  Align
----------------------------------------------------
CODE                  000700  000881  000182  00001


Exports list by name:
---------------------
__ACIA_START__            004800 RLA    __VIA1_START__            006000 RLA    
init_keyboard             0007DB RLA    init_screen               000769 RLA    
send_byte_to_screen       000790 RLA    string_table              00085A RLA    
wait_for_key_press        0007E1 RLA    xmodem_receive            000815 RLA    



Exports list by value:
----------------------
init_screen               000769 RLA    send_byte_to_screen       000790 RLA    
init_keyboard             0007DB RLA    wait_for_key_press        0007E1 RLA    
xmodem_receive            000815 RLA    string_table              00085A RLA    
__ACIA_START__            004800 RLA    __VIA1_START__            006000 RLA    



Imports list:
-------------
__ACIA_START__ ([linker generated]):
    xmodem.o                  acia.inc(1)
__VIA1_START__ ([linker generated]):
    keyboard.o                via.inc(1)
    screen.o                  via.inc(1)
init_keyboard (keyboard.o):
    shallow_thought.o         shallow_thought.s(4)
init_screen (screen.o):
    shallow_thought.o         shallow_thought.s(3)
send_byte_to_screen (screen.o):
    shallow_thought.o         shallow_thought.s(6)
string_table (strings.o):
    shallow_thought.o         shallow_thought.s(9)
wait_for_key_press (keyboard.o):
    shallow_thought.o         shallow_thought.s(5)
xmodem_receive (xmodem.o):
    shallow_thought.o         shallow_thought.s(7)

